// Jest Snapshot v1, https://goo.gl/fbAQLP

exports[`SupportDrawer renders 1`] = `
<StyledAssistantContainer
  hasResults={false}
>
  <StyledAssistantInputRow>
    <QuestionMarkIcon />
    <StyledSearchContainer>
      <StyledSearchIcon
        src="icon-search"
      />
      <StyledInput
        autoFocus={true}
        onChange={[Function]}
        placeholder="Search FAQs and docs..."
        type="text"
        value=""
      />
      <div
        className="close-button"
        onClick={[Function]}
        style={
          Object {
            "display": "flex",
          }
        }
      >
        <CloseIcon />
      </div>
    </StyledSearchContainer>
  </StyledAssistantInputRow>
</StyledAssistantContainer>
`;
