// Jest Snapshot v1, https://goo.gl/fbAQLP

exports[`Issues Similar View renders initially with loading component 1`] = `
<div>
  <div
    className="alert alert-block alert-warning"
  >
    <strong>
      Warning
      :
    </strong>
     
    This is an experimental feature. Data may not be immediately available while we process merges.
  </div>
  <LoadingIndicator />
</div>
`;

exports[`Issues Similar View renders with mocked data 1`] = `
<ThemeProvider
  theme={
    Object {
      "alert": Object {
        "error": Object {
          "background": "#e03e2f",
          "backgroundLight": "#FDF6F5",
          "border": "#E7C0BC",
          "iconColor": "#C72516",
          "textDark": "#5d3e3b",
          "textLight": "#92635f",
        },
        "info": Object {
          "background": "#4674ca",
          "backgroundLight": "#F5FAFE",
          "border": "#B5D6ED",
          "iconColor": "#4674ca",
        },
        "success": Object {
          "background": "#57be8c",
          "backgroundLight": "#F8FCF7",
          "border": "#BBD6B3",
          "iconColor": "#3EA573",
        },
        "warn": Object {
          "background": "#ecc844",
          "backgroundLight": "#FFFDF7",
          "border": "#E1D697",
          "iconColor": "#e6bc23",
          "textDark": "#D3BE2B",
        },
        "warning": Object {
          "background": "#ecc844",
          "backgroundLight": "#FFFDF7",
          "border": "#E1D697",
          "iconColor": "#e6bc23",
          "textDark": "#D3BE2B",
        },
      },
      "blue": "#4674ca",
      "blueDark": "#2D5BB1",
      "blueLight": "#608EE4",
      "borderDark": "#D1CAD8",
      "borderLight": "#E2DBE8",
      "borderLighter": "#f9f6fd",
      "borderRadius": "4px",
      "dropShadowHeavy": "0 1px 4px 1px rgba(47,40,55,0.08), 0 4px 16px 0 rgba(47,40,55,0.12)",
      "dropShadowLight": "0 2px 0 rgba(37, 11, 54, 0.04)",
      "error": "#e03e2f",
      "fontSizeLarge": "18px",
      "fontSizeMedium": "16px",
      "fontSizeSmall": "12px",
      "gray1": "#BDB4C7",
      "gray2": "#9585A3",
      "gray3": "#645574",
      "gray4": "#4A3E56",
      "gray5": "#302839",
      "green": "#57be8c",
      "greenDark": "#3EA573",
      "greenLight": "#71D8A6",
      "greenTransparent": "rgba(87, 190, 140, 0.5)",
      "grid": 8,
      "offWhite": "#FAF9FB",
      "orange": "#ec5e44",
      "orangeDark": "#D3452B",
      "orangeLight": "#FF785E",
      "pink": "#F868BC",
      "pinkDark": "#DF4FA3",
      "pinkLight": "#FF82D6",
      "purple": "#6C5FC7",
      "purple2": "#6f617c",
      "purpleDark": "#5346AE",
      "purpleDarkest": "#392C94",
      "purpleLight": "#8679E1",
      "purplelightest": "#9F92FA",
      "red": "#e03e2f",
      "redDark": "#C72516",
      "redLight": "#FA5849",
      "settings": Object {
        "containerWidth": "1140px",
        "headerHeight": "115px",
        "sidebarWidth": "210px",
      },
      "success": "#57be8c",
      "text": Object {
        "family": "\\"Rubik\\", \\"Avenir Next\\", sans-serif",
        "familyMono": "Monaco, Consolas, \\"Courier New\\", monospace",
        "lineHeightBody": "1.4",
        "lineHeightHeading": "1.15",
      },
      "textColor": "#302839",
      "whiteDark": "#fbfbfc",
      "yellow": "#ecc844",
      "yellowDark": "#e6bc23",
      "yellowLight": "#FFF15E",
      "yellowLightest": "#FFFDF7",
      "yellowOrange": "#f9a66d",
      "yellowOrangeDark": "#E08D54",
      "yellowOrangeLight": "#FFC087",
      "zIndex": Object {
        "dropdown": 1001,
        "header": 1000,
        "modal": 10000,
        "sidebar": 100,
        "toast": 10001,
      },
    }
  }
>
  <GroupGroupingView
    location={Object {}}
    params={
      Object {
        "groupId": "groupId",
        "orgId": "orgId",
        "projectId": "projectId",
      }
    }
  >
    <div>
      <div
        className="alert alert-block alert-warning"
      >
        <strong>
          Warning
          :
        </strong>
         
        This is an experimental feature. Data may not be immediately available while we process merges.
      </div>
      <LoadingIndicator>
        <div
          className="loading"
        >
          <div
            className="loading-indicator"
          />
          <div
            className="loading-message"
          />
        </div>
      </LoadingIndicator>
    </div>
  </GroupGroupingView>
</ThemeProvider>
`;
